// Vitest Snapshot v1, https://vitest.dev/guide/snapshot.html

exports[`mount component 1`] = `
"<a-select value=\\"test\\">
  <a-select-option value=\\"aaa\\">aaa</a-select-option>
</a-select>"
`;
